commit 91c8b6725ea5b3fd117257056f9c9236e5a4ce1c
WARNING: Running pip as the 'root' user can result in broken permissions and conflicting behaviour with the system package manager, possibly rendering your system unusable.It is recommended to use a virtual environment instead: https://pip.pypa.io/warnings/venv. Use the --root-user-action option if you know what you are doing and want to suppress this warning.
WARNING: Running pip as the 'root' user can result in broken permissions and conflicting behaviour with the system package manager, possibly rendering your system unusable.It is recommended to use a virtual environment instead: https://pip.pypa.io/warnings/venv. Use the --root-user-action option if you know what you are doing and want to suppress this warning.
WARNING: Running pip as the 'root' user can result in broken permissions and conflicting behaviour with the system package manager, possibly rendering your system unusable.It is recommended to use a virtual environment instead: https://pip.pypa.io/warnings/venv. Use the --root-user-action option if you know what you are doing and want to suppress this warning.
torch 2.5.1+cu124 cuda True NVIDIA GeForce RTX 4090
waiting for dataset: 369491240/4228037938
waiting for dataset: 393781352/4228037938
waiting for dataset: 427892264/4228037938
waiting for dataset: 475817768/4228037938
waiting for dataset: 525928392/4228037938
waiting for dataset: 566291880/4228037938
waiting for dataset: 597104648/4228037938
waiting for dataset: 632500440/4228037938
waiting for dataset: 672151928/4228037938
waiting for dataset: 746307144/4228037938
waiting for dataset: 811304472/4228037938
waiting for dataset: 838360776/4228037938
waiting for dataset: 859745576/4228037938
waiting for dataset: 900526440/4228037938
waiting for dataset: 934228152/4228037938
waiting for dataset: 964828136/4228037938
waiting for dataset: 985058984/4228037938
waiting for dataset: 1031838728/4228037938
waiting for dataset: 1065835064/4228037938
waiting for dataset: 1092842264/4228037938
waiting for dataset: 1113891512/4228037938
waiting for dataset: 1116101192/4228037938
waiting for dataset: 1121870904/4228037938
waiting for dataset: 1123892360/4228037938
waiting for dataset: 1124620728/4228037938
waiting for dataset: 1125422760/4228037938
waiting for dataset: 1126142952/4228037938
waiting for dataset: 1128254424/4228037938
waiting for dataset: 1137003128/4228037938
waiting for dataset: 1159214504/4228037938
waiting for dataset: 1186499960/4228037938
waiting for dataset: 1216698920/4228037938
waiting for dataset: 1255662936/4228037938
waiting for dataset: 1279347432/4228037938
waiting for dataset: 1301861624/4228037938
waiting for dataset: 1347413768/4228037938
waiting for dataset: 1453363832/4228037938
waiting for dataset: 1480297368/4228037938
waiting for dataset: 1500937416/4228037938
waiting for dataset: 1549779528/4228037938
waiting for dataset: 1579921208/4228037938
waiting for dataset: 1599791960/4228037938
waiting for dataset: 1612657208/4228037938
waiting for dataset: 1637667512/4228037938
waiting for dataset: 1674691928/4228037938
waiting for dataset: 1726275672/4228037938
waiting for dataset: 1741072344/4228037938
waiting for dataset: 1757874104/4228037938
waiting for dataset: 1792516968/4228037938
waiting for dataset: 1814147288/4228037938
waiting for dataset: 1835695752/4228037938
waiting for dataset: 1849461240/4228037938
waiting for dataset: 1867228712/4228037938
waiting for dataset: 1893376584/4228037938
waiting for dataset: 1913091848/4228037938
waiting for dataset: 1915735272/4228037938
waiting for dataset: 1941302088/4228037938
waiting for dataset: 1944911240/4228037938
waiting for dataset: 1964307320/4228037938
waiting for dataset: 1977974600/4228037938
waiting for dataset: 1993998872/4228037938
waiting for dataset: 1994653592/4228037938
waiting for dataset: 1995169176/4228037938
waiting for dataset: 1995823896/4228037938
waiting for dataset: 1995987576/4228037938
waiting for dataset: 1996576824/4228037938
waiting for dataset: 1997100600/4228037938
waiting for dataset: 1997534360/4228037938
waiting for dataset: 1998082680/4228037938
waiting for dataset: 1998377304/4228037938
waiting for dataset: 1998377304/4228037938
waiting for dataset: 1998377304/4228037938
waiting for dataset: 1998377304/4228037938
waiting for dataset: 1998377304/4228037938
waiting for dataset: 1998377304/4228037938
waiting for dataset: 1998377304/4228037938
waiting for dataset: 1998377304/4228037938
waiting for dataset: 1998377304/4228037938
waiting for dataset: 1998377304/4228037938
waiting for dataset: 2000638296/4228037938
waiting for dataset: 2002768216/4228037938
waiting for dataset: 2018726232/4228037938
waiting for dataset: 2094059864/4228037938
waiting for dataset: 2169917784/4228037938
waiting for dataset: 2238828888/4228037938
waiting for dataset: 2306101592/4228037938
waiting for dataset: 2367967576/4228037938
waiting for dataset: 2434486616/4228037938
waiting for dataset: 2502185304/4228037938
waiting for dataset: 2534429016/4228037938
waiting for dataset: 2545635672/4228037938
waiting for dataset: 2546028888/4228037938
waiting for dataset: 2546520408/4228037938
waiting for dataset: 2547110232/4228037938
waiting for dataset: 2548060504/4228037938
waiting for dataset: 2552090968/4228037938
waiting for dataset: 2614251864/4228037938
waiting for dataset: 2615562584/4228037938
waiting for dataset: 2651476312/4228037938
waiting for dataset: 2723828056/4228037938
waiting for dataset: 2800603480/4228037938
waiting for dataset: 2874167640/4228037938
waiting for dataset: 2949501272/4228037938
waiting for dataset: 3020149080/4228037938
waiting for dataset: 3090108760/4228037938
waiting for dataset: 3155710296/4228037938
waiting for dataset: 3219509592/4228037938
waiting for dataset: 3276296536/4228037938
waiting for dataset: 3336524120/4228037938
waiting for dataset: 3400159576/4228037938
waiting for dataset: 3470119256/4228037938
waiting for dataset: 3538800984/4228037938
waiting for dataset: 3610464600/4228037938
waiting for dataset: 3672756568/4228037938
waiting for dataset: 3713159512/4228037938
waiting for dataset: 3763360088/4228037938
waiting for dataset: 3819852120/4228037938
waiting for dataset: 3886403928/4228037938
waiting for dataset: 3958460760/4228037938
waiting for dataset: 4031762776/4228037938
waiting for dataset: 4104245592/4228037938
waiting for dataset: 4170436952/4228037938
..............................                                           [100%]
run exit 0
rows 708 (expected 708) failed 0
ARM1 COMPLETE
