NIST_718_s025_bse1-om#0 1668 1724 2048 2048 in_mask 25 in_src 25
NIST_718_s025_bse2-bse1#0 2048 2048 1757 1757 in_mask 25 in_src 25
NIST_718_s025_bse2-om#0 1668 1724 1757 1757 in_mask 25 in_src 25
NIST_718_s050_bse1-om#0 1668 1724 2048 2048 in_mask 25 in_src 25
NIST_718_s050_bse2-bse1#0 2048 2048 1757 1757 in_mask 25 in_src 25
NIST_718_s050_bse2-om#0 1668 1724 1757 1757 in_mask 25 in_src 25
NIST_718_s075_bse1-om#0 1668 1724 2048 2048 in_mask 25 in_src 25
NIST_718_s075_bse2-bse1#0 2048 2048 1757 1757 in_mask 25 in_src 25
NIST_718_s075_bse2-om#0 1668 1724 1757 1757 in_mask 25 in_src 25
NIST_718_s100_bse1-om#0 1668 1724 2048 2048 in_mask 25 in_src 25
NIST_718_s100_bse2-bse1#0 2048 2048 1757 1757 in_mask 25 in_src 25
NIST_718_s100_bse2-om#0 1668 1724 1757 1757 in_mask 25 in_src 25
NIST_718_s125_bse1-om#0 1668 1724 2048 2048 in_mask 25 in_src 25
NIST_718_s125_bse2-bse1#0 2048 2048 1757 1757 in_mask 25 in_src 25
NIST_718_s125_bse2-om#0 1668 1724 1757 1757 in_mask 25 in_src 25
NIST_718_s150_bse1-om#0 1668 1724 2048 2048 in_mask 25 in_src 25
NIST_718_s150_bse2-bse1#0 2048 2048 1757 1757 in_mask 25 in_src 25
NIST_718_s150_bse2-om#0 1668 1724 1757 1757 in_mask 25 in_src 25
NIST_718_s175_bse1-om#0 1668 1724 2048 2048 in_mask 25 in_src 25
NIST_718_s175_bse2-bse1#0 2048 2048 1757 1757 in_mask 25 in_src 25
NIST_718_s175_bse2-om#0 1668 1724 1757 1757 in_mask 25 in_src 25
NIST_718_s200_bse1-om#0 1668 1724 2048 2048 in_mask 25 in_src 25
NIST_718_s200_bse2-bse1#0 2048 2048 1757 1757 in_mask 25 in_src 25
NIST_718_s200_bse2-om#0 1668 1724 1757 1757 in_mask 25 in_src 25
NIST_718_s225_bse1-om#0 1668 1724 2048 2048 in_mask 25 in_src 25
NIST_718_s225_bse2-bse1#0 2048 2048 1757 1757 in_mask 25 in_src 25
NIST_718_s225_bse2-om#0 1668 1724 1757 1757 in_mask 25 in_src 25
NIST_718_s250_bse1-om#0 1668 1724 2048 2048 in_mask 25 in_src 25
NIST_718_s250_bse2-bse1#0 2048 2048 1757 1757 in_mask 25 in_src 25
NIST_718_s250_bse2-om#0 1668 1724 1757 1757 in_mask 25 in_src 25
NIST_718_s275_bse1-om#0 1668 1724 2048 2048 in_mask 25 in_src 25
NIST_718_s275_bse2-bse1#0 2048 2048 1757 1757 in_mask 25 in_src 25
NIST_718_s275_bse2-om#0 1668 1724 1757 1757 in_mask 25 in_src 25
NIST_718_s300_bse1-om#0 1668 1724 2048 2048 in_mask 25 in_src 25
NIST_718_s300_bse2-bse1#0 2048 2048 1757 1757 in_mask 25 in_src 25
NIST_718_s300_bse2-om#0 1668 1724 1757 1757 in_mask 25 in_src 25
NIST_718_s325_bse1-om#0 1668 1724 2048 2048 in_mask 25 in_src 25
NIST_718_s325_bse2-bse1#0 2048 2048 1757 1757 in_mask 25 in_src 25
NIST_718_s325_bse2-om#0 1668 1724 1757 1757 in_mask 25 in_src 25
NIST_718_s350_bse1-om#0 1668 1724 2048 2048 in_mask 25 in_src 25
NIST_718_s350_bse2-bse1#0 2048 2048 1757 1757 in_mask 25 in_src 25
NIST_718_s350_bse2-om#0 1668 1724 1757 1757 in_mask 25 in_src 25
NIST_718_s375_bse1-om#0 1668 1724 2048 2048 in_mask 25 in_src 25
NIST_718_s375_bse2-bse1#0 2048 2048 1757 1757 in_mask 25 in_src 25
NIST_718_s375_bse2-om#0 1668 1724 1757 1757 in_mask 25 in_src 25
NIST_718_s400_bse1-om#0 1668 1724 2048 2048 in_mask 25 in_src 25
NIST_718_s400_bse2-bse1#0 2048 2048 1757 1757 in_mask 25 in_src 25
NIST_718_s400_bse2-om#0 1668 1724 1757 1757 in_mask 25 in_src 25
NIST_718_s425_bse1-om#0 1668 1724 2048 2048 in_mask 25 in_src 25
NIST_718_s425_bse2-bse1#0 2048 2048 1757 1757 in_mask 25 in_src 25
NIST_718_s425_bse2-om#0 1668 1724 1757 1757 in_mask 25 in_src 25
NIST_718_s450_bse1-om#0 1668 1724 2048 2048 in_mask 25 in_src 25
NIST_718_s450_bse2-bse1#0 2048 2048 1757 1757 in_mask 25 in_src 25
NIST_718_s450_bse2-om#0 1668 1724 1757 1757 in_mask 25 in_src 25
NIST_718_s475_bse1-om#0 1668 1724 2048 2048 in_mask 25 in_src 25
NIST_718_s475_bse2-bse1#0 2048 2048 1757 1757 in_mask 25 in_src 25
NIST_718_s475_bse2-om#0 1668 1724 1757 1757 in_mask 25 in_src 25
NIST_718_s500_bse1-om#0 1668 1724 2048 2048 in_mask 25 in_src 25
NIST_718_s500_bse2-bse1#0 2048 2048 1757 1757 in_mask 25 in_src 25
NIST_718_s500_bse2-om#0 1668 1724 1757 1757 in_mask 25 in_src 25
NIST_625_s100_bse2-bse1#0 2048 2048 2194 2194 in_mask 25 in_src 25
NIST_625_s125_bse2-bse1#0 2048 2048 2194 2194 in_mask 25 in_src 25
NIST_625_s150_bse2-bse1#0 2048 2048 2194 2194 in_mask 25 in_src 25
NIST_625_s175_bse2-bse1#0 2048 2048 2194 2194 in_mask 25 in_src 25
NIST_625_s200_bse2-bse1#0 2048 2048 2194 2194 in_mask 25 in_src 25
NIST_625_s225_bse2-bse1#0 2048 2048 2194 2194 in_mask 25 in_src 25
NIST_625_s250_bse2-bse1#0 2048 2048 2194 2194 in_mask 25 in_src 25
NIST_625_s275_bse2-bse1#0 2048 2048 2194 2194 in_mask 25 in_src 25
NIST_625_s300_bse2-bse1#0 2048 2048 2194 2194 in_mask 25 in_src 25
NIST_625_s325_bse2-bse1#0 2048 2048 2194 2194 in_mask 25 in_src 25
NIST_625_s350_bse2-bse1#0 2048 2048 2194 2194 in_mask 25 in_src 25
NIST_625_s375_bse2-bse1#0 2048 2048 2194 2194 in_mask 25 in_src 25
NIST_625_s400_bse2-bse1#0 2048 2048 2194 2194 in_mask 25 in_src 25
NIST_625_s425_bse2-bse1#0 2048 2048 2194 2194 in_mask 25 in_src 25
NIST_625_s450_bse2-bse1#0 2048 2048 2194 2194 in_mask 25 in_src 25
NIST_625_s475_bse2-bse1#0 2048 2048 2194 2194 in_mask 25 in_src 25
NIST_625_s500_bse2-bse1#0 2048 2048 2194 2194 in_mask 25 in_src 25
NIST_625_s525_bse2-bse1#0 2048 2048 2194 2194 in_mask 25 in_src 25
NIST_625_s550_bse2-bse1#0 2048 2048 2194 2194 in_mask 25 in_src 25
NIST_625_s575_bse2-bse1#0 2048 2048 2194 2194 in_mask 25 in_src 25
NIST_625_s600_bse2-bse1#0 2048 2048 2194 2194 in_mask 25 in_src 25
81 pairs built
